// Jest Snapshot v1, https://goo.gl/fbAQLP

exports[`movie pages shows movies list 1`] = `"<div><h1>Movies</h1><div class=\\"movie\\"><h2>Don't look up (2021)</h2><p>Impending disaster, but will politicians act?</p></div><div class=\\"movie\\"><h2>Web development (2022)</h2><p>Johannes Codes, everyone is confused</p></div></div>"`;
